Microchip MPLAB XC8 Compiler V1.34 ()

Linker command line:

--edf=C:\Program Files\Microchip\xc8\v1.34\dat\en_msgs.txt -cs \
  -h+dist/default/production\Rb_18F_Timebase.X.production.sym \
  --cmf=dist/default/production\Rb_18F_Timebase.X.production.cmf -z \
  -Q18F44K22 -oC:\Users\Lab\AppData\Local\Temp\s5ck.6 \
  -Mdist/default/production/Rb_18F_Timebase.X.production.map -E1 -ver=XC8 \
  -ASTACK=060h-02ffh -pstack=STACK -ACODE=00h-03FFFh -ACONST=00h-03FFFh \
  -ASMALLCONST=0300h-03FFhx61 -AMEDIUMCONST=0300h-03FFFh -ACOMRAM=01h-05Fh \
  -AABS1=00h-02FFh -ABIGRAM=01h-02FFh -ARAM=060h-0FFh,0100h-01FFhx2 \
  -ABANK0=060h-0FFh -ABANK1=0100h-01FFh -ABANK2=0200h-02FFh \
  -ASFR=0F38h-0F5Fh,0F60h-0FFFh \
  -preset_vec=00h,intcode,intcodelo,powerup,init,end_init -pramtop=0300h \
  -psmallconst=SMALLCONST -pmediumconst=MEDIUMCONST -pconst=CONST \
  -AFARRAM=00h-00h -ACONFIG=0300000h-030000Dh -pconfig=CONFIG \
  -AIDLOC=0200000h-0200007h -pidloc=IDLOC -AEEDATA=0F00000h-0F000FFh \
  -peeprom_data=EEDATA \
  -prdata=COMRAM,nvrram=COMRAM,nvbit=COMRAM,rbss=COMRAM,rbit=COMRAM \
  -pfarbss=FARRAM,fardata=FARRAM,nvFARRAM=FARRAM \
  -pintsave_regs=BIGRAM,bigbss=BIGRAM,bigdata=BIGRAM -pbss=RAM \
  -pidata=CODE,irdata=CODE,ibigdata=CODE,ifardata=CODE -prparam=COMRAM \
  C:\Users\Lab\AppData\Local\Temp\s5ck.obj \
  dist/default/production\Rb_18F_Timebase.X.production.obj 

Object code version is 3.11

Machine type is 18F44K22

Call graph: (short form)




                Name                               Link     Load   Length Selector   Space Scale
C:\Users\Lab\AppData\Local\Temp\s5ck.obj
                end_init                              0        0        4        0       0
                idloc                            200000   200000        8   200000       0
                config                           300000   300000        E   300000       0
dist/default/production\Rb_18F_Timebase.X.production.obj
                mediumconst                        3DFE     3DFE      202     1EFF       0
                text10                             2EBA     2EBA       5C     175D       0
                text9                              2DD8     2DD8        E     16EC       0
                text8                              2E22     2E22       40     1711       0
                text7                              2F86     2F86       8C     17C3       0
                text6                              2F16     2F16       70     178B       0
                text5                              2DE6     2DE6       10     16F3       0
                text4                              2DCE     2DCE        A     16E7       0
                text3                              3012     3012      21E     1809       0
                text2                              2E08     2E08       1A     1704       0
                text1                              2E62     2E62       58     1731       0
                text0                              3230     3230      BCE     1918       0
                cstackCOMRAM                          1        1       56        1       1
                bssCOMRAM                            57       57        4        1       1
                cinit                              2DF6     2DF6       12     16FB       0

TOTAL           Name                               Link     Load   Length     Space
        CLASS   STACK          

        CLASS   CODE           
                end_init                              0        0        4         0
                text10                             2EBA     2EBA       5C         0
                text9                              2DD8     2DD8        E         0
                text8                              2E22     2E22       40         0
                text7                              2F86     2F86       8C         0
                text6                              2F16     2F16       70         0
                text5                              2DE6     2DE6       10         0
                text4                              2DCE     2DCE        A         0
                text3                              3012     3012      21E         0
                text2                              2E08     2E08       1A         0
                text1                              2E62     2E62       58         0
                text0                              3230     3230      BCE         0
                cinit                              2DF6     2DF6       12         0

        CLASS   CONST          

        CLASS   SMALLCONST     

        CLASS   MEDIUMCONST    
                mediumconst                        3DFE     3DFE      202         0

        CLASS   COMRAM         
                cstackCOMRAM                          1        1       56         1
                bssCOMRAM                            57       57        4         1

        CLASS   ABS1           

        CLASS   BIGRAM         

        CLASS   RAM            

        CLASS   BANK0          

        CLASS   BANK1          

        CLASS   BANK2          

        CLASS   SFR            

        CLASS   FARRAM         

        CLASS   CONFIG         
                config                           300000   300000        E         0

        CLASS   IDLOC          
                idloc                            200000   200000        8         0

        CLASS   EEDATA         



SEGMENTS        Name                           Load    Length   Top    Selector   Space  Class

                reset_vec                      000000  000004  000004         0       0  CODE    
                cstackCOMRAM                   000001  00005A  00005B         1       1  COMRAM  
                text4                          002DCE  00000A  002DD8      16E7       0  CODE    
                text9                          002DD8  00000E  002DE6      16EC       0  CODE    
                text5                          002DE6  000010  002DF6      16F3       0  CODE    
                cinit                          002DF6  000012  002E08      16FB       0  CODE    
                text2                          002E08  00001A  002E22      1704       0  CODE    
                text8                          002E22  000040  002E62      1711       0  CODE    
                text1                          002E62  000058  002EBA      1731       0  CODE    
                text10                         002EBA  00005C  002F16      175D       0  CODE    
                text6                          002F16  000070  002F86      178B       0  CODE    
                text7                          002F86  00008C  003012      17C3       0  CODE    
                text3                          003012  00021E  003230      1809       0  CODE    
                text0                          003230  000BCE  003DFE      1918       0  CODE    
                mediumconst                    003DFE  000202  004000      1EFF       0  MEDIUMCO
                idloc                          200000  000008  200008    200000       0  IDLOC   
                config                         300000  00000E  30000E    300000       0  CONFIG  


UNUSED ADDRESS RANGES

        Name                Unused          Largest block    Delta
        BANK0            000060-0000FF               A0
        BANK1            000100-0001FF              100
        BANK2            000200-0002FF              100
        BIGRAM           00005B-0002FF              2A5
        CODE             000004-002DCD             2DCA
        COMRAM           00005B-00005F                5
        CONST            000004-002DCD             2DCA
        EEDATA           F00000-F000FF              100
        MEDIUMCONST      000300-002DCD             2ACE
        RAM              000060-0002FF              100
        SFR              000F38-000FFF               28
        SMALLCONST       000300-002DCD              100
        STACK            000060-0002FF              2A0

                                  Symbol Table

?___lldiv                cstackCOMRAM 000001
?___llmod                cstackCOMRAM 00000E
?___lwdiv                cstackCOMRAM 000001
?_adc_measure            cstackCOMRAM 000001
?_printf                 cstackCOMRAM 000017
_ADCON0                  (abs)        000FC2
_ADCON1                  (abs)        000FC1
_ADCON2                  (abs)        000FC0
_ADRESH                  (abs)        000FC4
_ADRESL                  (abs)        000FC3
_ANSELA                  (abs)        000F38
_ANSELB                  (abs)        000F39
_ANSELC                  (abs)        000F3A
_ANSELD                  (abs)        000F3B
_ANSELE                  (abs)        000F3C
_BAUDCON1                (abs)        000FB8
_INTCON                  (abs)        000FF2
_OSCCON                  (abs)        000FD3
_OSCCON2                 (abs)        000FD2
_OSCTUNEbits             (abs)        000F9B
_PIR1bits                (abs)        000F9E
_PORTA                   (abs)        000F80
_PORTB                   (abs)        000F81
_PORTC                   (abs)        000F82
_PORTD                   (abs)        000F83
_PORTE                   (abs)        000F84
_RCREG1                  (abs)        000FAE
_RCSTA1                  (abs)        000FAB
_SPBRG1                  (abs)        000FAF
_SPBRGH1                 (abs)        000FB0
_T0CON                   (abs)        000FD5
_TMR0H                   (abs)        000FD7
_TMR0IF                  (abs)        007F92
_TMR0L                   (abs)        000FD6
_TMR0ON                  (abs)        007EAF
_TRISA                   (abs)        000F92
_TRISB                   (abs)        000F93
_TRISC                   (abs)        000F94
_TRISD                   (abs)        000F95
_TRISE                   (abs)        000F96
_TXREG1                  (abs)        000FAD
_TXSTA1                  (abs)        000FAC
__CFG_BOREN$SBORDIS      (abs)        000000
__CFG_BORV$285           (abs)        000000
__CFG_CCP2MX$PORTC1      (abs)        000000
__CFG_CCP3MX$PORTB5      (abs)        000000
__CFG_CP0$OFF            (abs)        000000
__CFG_CP1$OFF            (abs)        000000
__CFG_CPB$OFF            (abs)        000000
__CFG_CPD$OFF            (abs)        000000
__CFG_EBTR0$OFF          (abs)        000000
__CFG_EBTR1$OFF          (abs)        000000
__CFG_EBTRB$OFF          (abs)        000000
__CFG_FCMEN$OFF          (abs)        000000
__CFG_FOSC$INTIO67       (abs)        000000
__CFG_HFOFST$ON          (abs)        000000
__CFG_IESO$OFF           (abs)        000000
__CFG_LVP$OFF            (abs)        000000
__CFG_MCLRE$EXTMCLR      (abs)        000000
__CFG_P2BMX$PORTD2       (abs)        000000
__CFG_PBADEN$ON          (abs)        000000
__CFG_PLLCFG$ON          (abs)        000000
__CFG_PRICLKEN$OFF       (abs)        000000
__CFG_PWRTEN$OFF         (abs)        000000
__CFG_STVREN$ON          (abs)        000000
__CFG_T3CMX$PORTC0       (abs)        000000
__CFG_WDTEN$OFF          (abs)        000000
__CFG_WDTPS$32768        (abs)        000000
__CFG_WRT0$OFF           (abs)        000000
__CFG_WRT1$OFF           (abs)        000000
__CFG_WRTB$OFF           (abs)        000000
__CFG_WRTC$OFF           (abs)        000000
__CFG_WRTD$OFF           (abs)        000000
__CFG_XINST$OFF          (abs)        000000
__HRAM                   (abs)        000000
__Habs1                  abs1         000000
__Hbank0                 bank0        000000
__Hbank1                 bank1        000000
__Hbank2                 bank2        000000
__Hbigbss                bigbss       000000
__Hbigdata               bigdata      000000
__Hbigram                bigram       000000
__Hbss                   bss          000000
__HbssCOMRAM             bssCOMRAM    000000
__Hcinit                 cinit        000000
__Hclrtext               clrtext      000000
__Hcomram                comram       000000
__Hconfig                config       30000E
__Hconst                 const        000000
__HcstackCOMRAM          cstackCOMRAM 000000
__Hdata                  data         000000
__Heeprom_data           eeprom_data  000000
__Hend_init              end_init     000004
__Hfarbss                farbss       000000
__Hfardata               fardata      000000
__Hibigdata              ibigdata     000000
__Hidata                 idata        000000
__Hidloc                 idloc        200008
__Hifardata              ifardata     000000
__Hinit                  init         000000
__Hintcode               intcode      000000
__Hintcode_body          intcode_body 000000
__Hintcodelo             intcodelo    000000
__Hintentry              intentry     000000
__Hintret                intret       000000
__Hintsave_regs          intsave_regs 000000
__Hirdata                irdata       000000
__Hmediumconst           mediumconst  004000
__HnvFARRAM              nvFARRAM     000000
__Hnvbit                 nvbit        000000
__Hnvrram                nvrram       000000
__Hparam                 rparam       000000
__Hpowerup               powerup      000000
__Hram                   ram          000000
__Hramtop                ramtop       000300
__Hrbit                  rbit         000000
__Hrbss                  rbss         000000
__Hrdata                 rdata        000000
__Hreset_vec             reset_vec    000000
__Hrparam                rparam       000000
__Hsfr                   sfr          000000
__Hsmallconst            smallconst   000000
__Hspace_0               (abs)        30000E
__Hspace_1               (abs)        00005B
__Hspace_2               (abs)        000000
__Hstack                 stack        000000
__Hstruct                struct       000000
__Htemp                  temp         000000
__Htext                  text         000000
__Htext0                 text0        000000
__Htext1                 text1        000000
__Htext10                text10       000000
__Htext2                 text2        000000
__Htext3                 text3        000000
__Htext4                 text4        000000
__Htext5                 text5        000000
__Htext6                 text6        000000
__Htext7                 text7        000000
__Htext8                 text8        000000
__Htext9                 text9        000000
__LRAM                   (abs)        000001
__Labs1                  abs1         000000
__Lbank0                 bank0        000000
__Lbank1                 bank1        000000
__Lbank2                 bank2        000000
__Lbigbss                bigbss       000000
__Lbigdata               bigdata      000000
__Lbigram                bigram       000000
__Lbss                   bss          000000
__LbssCOMRAM             bssCOMRAM    000000
__Lcinit                 cinit        000000
__Lclrtext               clrtext      000000
__Lcomram                comram       000000
__Lconfig                config       300000
__Lconst                 const        000000
__LcstackCOMRAM          cstackCOMRAM 000000
__Ldata                  data         000000
__Leeprom_data           eeprom_data  000000
__Lend_init              end_init     000000
__Lfarbss                farbss       000000
__Lfardata               fardata      000000
__Libigdata              ibigdata     000000
__Lidata                 idata        000000
__Lidloc                 idloc        200000
__Lifardata              ifardata     000000
__Linit                  init         000000
__Lintcode               intcode      000000
__Lintcode_body          intcode_body 000000
__Lintcodelo             intcodelo    000000
__Lintentry              intentry     000000
__Lintret                intret       000000
__Lintsave_regs          intsave_regs 000000
__Lirdata                irdata       000000
__Lmediumconst           mediumconst  003DFE
__LnvFARRAM              nvFARRAM     000000
__Lnvbit                 nvbit        000000
__Lnvrram                nvrram       000000
__Lparam                 rparam       000000
__Lpowerup               powerup      000000
__Lram                   ram          000000
__Lramtop                ramtop       000300
__Lrbit                  rbit         000000
__Lrbss                  rbss         000000
__Lrdata                 rdata        000000
__Lreset_vec             reset_vec    000000
__Lrparam                rparam       000000
__Lsfr                   sfr          000000
__Lsmallconst            smallconst   000000
__Lspace_0               (abs)        000000
__Lspace_1               (abs)        000000
__Lspace_2               (abs)        000000
__Lstack                 stack        000000
__Lstruct                struct       000000
__Ltemp                  temp         000000
__Ltext                  text         000000
__Ltext0                 text0        000000
__Ltext1                 text1        000000
__Ltext10                text10       000000
__Ltext2                 text2        000000
__Ltext3                 text3        000000
__Ltext4                 text4        000000
__Ltext5                 text5        000000
__Ltext6                 text6        000000
__Ltext7                 text7        000000
__Ltext8                 text8        000000
__Ltext9                 text9        000000
__S0                     (abs)        30000E
__S1                     (abs)        00005B
__S2                     (abs)        000000
___inthi_sp              stack        000000
___intlo_sp              stack        000000
___lldiv                 text7        002F86
___lldiv@counter         cstackCOMRAM 00000D
___lldiv@dividend        cstackCOMRAM 000001
___lldiv@divisor         cstackCOMRAM 000005
___lldiv@quotient        cstackCOMRAM 000009
___llmod                 text6        002F16
___llmod@counter         cstackCOMRAM 000016
___llmod@dividend        cstackCOMRAM 00000E
___llmod@divisor         cstackCOMRAM 000012
___lwdiv                 text10       002EBA
___lwdiv@counter         cstackCOMRAM 000007
___lwdiv@dividend        cstackCOMRAM 000001
___lwdiv@divisor         cstackCOMRAM 000003
___lwdiv@quotient        cstackCOMRAM 000005
___param_bank            (abs)        000010
___rparam_used           (abs)        000001
___sp                    stack        000000
__accesstop              (abs)        000060
__activetblptr           (abs)        000002
__end_of___lldiv         text7        003012
__end_of___llmod         text6        002F86
__end_of___lwdiv         text10       002F16
__end_of__initialization cinit        002DFE
__end_of_adc_init        text9        002DE6
__end_of_adc_measure     text8        002E62
__end_of_dpowers         mediumconst  003E27
__end_of_main            text0        003DFE
__end_of_printf          text3        003230
__end_of_putch           text4        002DD8
__end_of_usart1_init     text2        002E22
__end_of_usart1_putchar  text5        002DF6
__end_of_ws2812_send     text1        002EBA
__initialization         cinit        002DF6
__mediumconst            mediumconst  003DFE
__pbssCOMRAM             bssCOMRAM    000057
__pcinit                 cinit        002DF6
__pcstackCOMRAM          cstackCOMRAM 000001
__pmediumconst           mediumconst  003DFE
__ptext0                 text0        003230
__ptext1                 text1        002E62
__ptext10                text10       002EBA
__ptext2                 text2        002E08
__ptext3                 text3        003012
__ptext4                 text4        002DCE
__ptext5                 text5        002DE6
__ptext6                 text6        002F16
__ptext7                 text7        002F86
__ptext8                 text8        002E22
__ptext9                 text9        002DD8
__ramtop                 ramtop       000300
__size_of___lldiv        (abs)        000000
__size_of___llmod        (abs)        000000
__size_of___lwdiv        (abs)        000000
__size_of_adc_init       (abs)        000000
__size_of_adc_measure    (abs)        000000
__size_of_main           (abs)        000000
__size_of_printf         (abs)        000000
__size_of_putch          (abs)        000000
__size_of_usart1_init    (abs)        000000
__size_of_usart1_putchar (abs)        000000
__size_of_ws2812_send    (abs)        000000
__smallconst             smallconst   000000
_adc_init                text9        002DD8
_adc_measure             text8        002E22
_comb_rate               bssCOMRAM    000057
_dpowers                 mediumconst  003DFF
_fault_code              bssCOMRAM    000058
_main                    text0        003230
_main$780                cstackCOMRAM 00002D
_prev_state              bssCOMRAM    000059
_printf                  text3        003012
_putch                   text4        002DCE
_state                   bssCOMRAM    00005A
_usart1_init             text2        002E08
_usart1_putchar          text5        002DE6
_ws2812_send             text1        002E62
adc_measure@channel      cstackCOMRAM 000004
adc_measure@retval       cstackCOMRAM 000005
end_of_initialization    cinit        002DFE
intlevel0                text         000000
intlevel1                text         000000
intlevel2                text         000000
intlevel3                text         000000
main@diag_bite_count     cstackCOMRAM 00004C
main@iter_counter        cstackCOMRAM 000053
main@led_color           cstackCOMRAM 000048
main@meas_caset          cstackCOMRAM 000043
main@meas_lampv          cstackCOMRAM 000046
main@meas_v24            cstackCOMRAM 000041
main@meas_v24sw          cstackCOMRAM 00004E
main@prev_color          cstackCOMRAM 000033
main@read_portd          cstackCOMRAM 00004D
main@run_counter         cstackCOMRAM 00003D
main@st_counter          cstackCOMRAM 000055
main@sw_cmos_count       cstackCOMRAM 000051
main@sw_comb_count       cstackCOMRAM 000052
main@sw_comb_ready       cstackCOMRAM 000045
main@sw_dist_count       cstackCOMRAM 000050
main@temp_int            cstackCOMRAM 000039
main@temp_int_157        cstackCOMRAM 00003B
main@temp_int_165        cstackCOMRAM 000037
main@temp_int_171        cstackCOMRAM 000031
printf@ap                cstackCOMRAM 000025
printf@c                 cstackCOMRAM 000028
printf@f                 cstackCOMRAM 000017
printf@flag              cstackCOMRAM 000027
printf@prec              cstackCOMRAM 00001F
printf@val               cstackCOMRAM 000021
putch@data               cstackCOMRAM 000002
stackhi                  (abs)        0002FF
stacklo                  (abs)        000060
start                    init         000000
start_initialization     cinit        002DF6
usart1_init@brgval       cstackCOMRAM 000001
usart1_putchar@ch        cstackCOMRAM 000001
ws2812_send@j            cstackCOMRAM 000009
ws2812_send@led          cstackCOMRAM 000001


FUNCTION INFORMATION:

 *************** function _main *****************
 Defined at:
		line 41 in file "rb_main.c"
 Parameters:    Size  Location     Type
		None
 Auto vars:     Size  Location     Type
  temp_int        2   48[COMRAM] unsigned int 
  temp_int        2   54[COMRAM] unsigned int 
  temp_int        2   58[COMRAM] unsigned int 
  temp_int        2   56[COMRAM] unsigned int 
  led_color       4   71[COMRAM] unsigned long 
  run_counter     4   60[COMRAM] unsigned long 
  prev_color      4   50[COMRAM] unsigned long 
  st_counter      2   84[COMRAM] unsigned int 
  iter_counter    2   82[COMRAM] unsigned int 
  meas_v24sw      2   77[COMRAM] unsigned int 
  meas_lampv      2   69[COMRAM] unsigned int 
  meas_caset      2   66[COMRAM] unsigned int 
  meas_v24        2   64[COMRAM] unsigned int 
  sw_comb_coun    1   81[COMRAM] unsigned char 
  sw_cmos_coun    1   80[COMRAM] unsigned char 
  sw_dist_coun    1   79[COMRAM] unsigned char 
  read_portd      1   76[COMRAM] unsigned char 
  diag_bite_co    1   75[COMRAM] unsigned char 
  sw_comb_read    1   68[COMRAM] unsigned char 
 Return value:  Size  Location     Type
		None               void
 Registers used:
		wreg, fsr2l, fsr2h, status,2, status,0, tblptrl, tblptrh, tblptru, prodl, prodh, cstack
 Tracked objects:
		On entry : 
		On exit  : 
		Unchanged: 
 Data sizes:     COMRAM   BANK0   BANK1   BANK2
      Params:         0       0       0       0
      Locals:        42       0       0       0
      Temps:          4       0       0       0
      Totals:        46       0       0       0
Total ram usage:       46 bytes
 Hardware stack levels required when called:    3
 This function calls:
		___lldiv
		___lwdiv
		_adc_init
		_adc_measure
		_printf
		_usart1_init
		_ws2812_send
 This function is called by:
		Startup code after reset
 This function uses a non-reentrant model


 *************** function _ws2812_send *****************
 Defined at:
		line 7 in file "ws2812.c"
 Parameters:    Size  Location     Type
  led             4    0[COMRAM] unsigned long 
 Auto vars:     Size  Location     Type
  j               1    8[COMRAM] unsigned char 
 Return value:  Size  Location     Type
		None               void
 Registers used:
		wreg, status,2, status,0
 Tracked objects:
		On entry : 
		On exit  : 
		Unchanged: 
 Data sizes:     COMRAM   BANK0   BANK1   BANK2
      Params:         4       0       0       0
      Locals:         1       0       0       0
      Temps:          4       0       0       0
      Totals:         9       0       0       0
Total ram usage:        9 bytes
 Hardware stack levels used:    1
 This function calls:
		Nothing
 This function is called by:
		_main
 This function uses a non-reentrant model


 *************** function _usart1_init *****************
 Defined at:
		line 9 in file "my_usart.c"
 Parameters:    Size  Location     Type
  brgval          2    0[COMRAM] unsigned int 
 Auto vars:     Size  Location     Type
		None
 Return value:  Size  Location     Type
		None               void
 Registers used:
		wreg, status,2, status,0
 Tracked objects:
		On entry : 
		On exit  : 
		Unchanged: 
 Data sizes:     COMRAM   BANK0   BANK1   BANK2
      Params:         2       0       0       0
      Locals:         0       0       0       0
      Temps:          0       0       0       0
      Totals:         2       0       0       0
Total ram usage:        2 bytes
 Hardware stack levels used:    1
 This function calls:
		Nothing
 This function is called by:
		_main
 This function uses a non-reentrant model


 *************** function _printf *****************
 Defined at:
		line 464 in file "C:\Program Files\Microchip\xc8\v1.34\sources\common\doprnt.c"
 Parameters:    Size  Location     Type
  f               2   22[COMRAM] PTR const unsigned char 
		 -> STR_48(4), STR_47(3), STR_46(20), STR_45(4), 
		 -> STR_44(3), STR_43(20), STR_42(4), STR_41(3), 
		 -> STR_40(20), STR_39(7), STR_38(7), STR_37(5), 
		 -> STR_36(5), STR_35(6), STR_34(4), STR_33(23), 
		 -> STR_32(13), STR_31(14), STR_30(11), STR_29(10), 
		 -> STR_28(31), STR_27(27), STR_26(8), STR_25(8), 
		 -> STR_24(8), STR_23(8), STR_22(20), STR_21(21), 
		 -> STR_20(20), STR_19(8), STR_18(8), STR_17(8), 
		 -> STR_16(8), STR_15(20), STR_14(8), STR_13(8), 
		 -> STR_12(8), STR_11(8), STR_10(21), STR_9(28), 
		 -> STR_8(27), STR_7(6), STR_6(8), STR_5(8), 
		 -> STR_4(7), STR_3(6), STR_2(6), STR_1(22), 
 Auto vars:     Size  Location     Type
  val             4   32[COMRAM] unsigned long 
  tmpval          4    0        struct .
  cp              3    0        PTR const unsigned char 
  ap              2   36[COMRAM] PTR void [1]
		 -> ?_printf(2), 
  prec            2   30[COMRAM] int 
  len             2    0        unsigned int 
  c               1   39[COMRAM] char 
  flag            1   38[COMRAM] unsigned char 
 Return value:  Size  Location     Type
                  2   22[COMRAM] int 
 Registers used:
		wreg, fsr2l, fsr2h, status,2, status,0, tblptrl, tblptrh, tblptru, prodl, prodh, cstack
 Tracked objects:
		On entry : 
		On exit  : 
		Unchanged: 
 Data sizes:     COMRAM   BANK0   BANK1   BANK2
      Params:         6       0       0       0
      Locals:        10       0       0       0
      Temps:          2       0       0       0
      Totals:        18       0       0       0
Total ram usage:       18 bytes
 Hardware stack levels used:    1
 Hardware stack levels required when called:    2
 This function calls:
		___lldiv
		___llmod
		_putch
 This function is called by:
		_main
 This function uses a non-reentrant model


 *************** function _putch *****************
 Defined at:
		line 36 in file "rb_main.c"
 Parameters:    Size  Location     Type
  data            1    wreg     unsigned char 
 Auto vars:     Size  Location     Type
  data            1    1[COMRAM] unsigned char 
 Return value:  Size  Location     Type
		None               void
 Registers used:
		wreg, status,2, cstack
 Tracked objects:
		On entry : 
		On exit  : 
		Unchanged: 
 Data sizes:     COMRAM   BANK0   BANK1   BANK2
      Params:         0       0       0       0
      Locals:         1       0       0       0
      Temps:          0       0       0       0
      Totals:         1       0       0       0
Total ram usage:        1 bytes
 Hardware stack levels used:    1
 Hardware stack levels required when called:    1
 This function calls:
		_usart1_putchar
 This function is called by:
		_printf
 This function uses a non-reentrant model


 *************** function _usart1_putchar *****************
 Defined at:
		line 30 in file "my_usart.c"
 Parameters:    Size  Location     Type
  ch              1    wreg     unsigned char 
 Auto vars:     Size  Location     Type
  ch              1    0[COMRAM] unsigned char 
 Return value:  Size  Location     Type
                  1    wreg      unsigned char 
 Registers used:
		wreg
 Tracked objects:
		On entry : 
		On exit  : 
		Unchanged: 
 Data sizes:     COMRAM   BANK0   BANK1   BANK2
      Params:         0       0       0       0
      Locals:         1       0       0       0
      Temps:          0       0       0       0
      Totals:         1       0       0       0
Total ram usage:        1 bytes
 Hardware stack levels used:    1
 This function calls:
		Nothing
 This function is called by:
		_putch
 This function uses a non-reentrant model


 *************** function ___llmod *****************
 Defined at:
		line 8 in file "C:\Program Files\Microchip\xc8\v1.34\sources\common\llmod.c"
 Parameters:    Size  Location     Type
  dividend        4   13[COMRAM] unsigned long 
  divisor         4   17[COMRAM] unsigned long 
 Auto vars:     Size  Location     Type
  counter         1   21[COMRAM] unsigned char 
 Return value:  Size  Location     Type
                  4   13[COMRAM] unsigned long 
 Registers used:
		wreg, status,2, status,0
 Tracked objects:
		On entry : 
		On exit  : 
		Unchanged: 
 Data sizes:     COMRAM   BANK0   BANK1   BANK2
      Params:         8       0       0       0
      Locals:         1       0       0       0
      Temps:          0       0       0       0
      Totals:         9       0       0       0
Total ram usage:        9 bytes
 Hardware stack levels used:    1
 This function calls:
		Nothing
 This function is called by:
		_printf
 This function uses a non-reentrant model


 *************** function ___lldiv *****************
 Defined at:
		line 8 in file "C:\Program Files\Microchip\xc8\v1.34\sources\common\lldiv.c"
 Parameters:    Size  Location     Type
  dividend        4    0[COMRAM] unsigned long 
  divisor         4    4[COMRAM] unsigned long 
 Auto vars:     Size  Location     Type
  quotient        4    8[COMRAM] unsigned long 
  counter         1   12[COMRAM] unsigned char 
 Return value:  Size  Location     Type
                  4    0[COMRAM] unsigned long 
 Registers used:
		wreg, status,2, status,0
 Tracked objects:
		On entry : 
		On exit  : 
		Unchanged: 
 Data sizes:     COMRAM   BANK0   BANK1   BANK2
      Params:         8       0       0       0
      Locals:         5       0       0       0
      Temps:          0       0       0       0
      Totals:        13       0       0       0
Total ram usage:       13 bytes
 Hardware stack levels used:    1
 This function calls:
		Nothing
 This function is called by:
		_main
		_printf
 This function uses a non-reentrant model


 *************** function _adc_measure *****************
 Defined at:
		line 15 in file "my_adc.c"
 Parameters:    Size  Location     Type
  channel         1    wreg     unsigned char 
 Auto vars:     Size  Location     Type
  channel         1    3[COMRAM] unsigned char 
  retval          2    4[COMRAM] unsigned int 
 Return value:  Size  Location     Type
                  2    0[COMRAM] unsigned int 
 Registers used:
		wreg, status,2, status,0
 Tracked objects:
		On entry : 
		On exit  : 
		Unchanged: 
 Data sizes:     COMRAM   BANK0   BANK1   BANK2
      Params:         2       0       0       0
      Locals:         3       0       0       0
      Temps:          1       0       0       0
      Totals:         6       0       0       0
Total ram usage:        6 bytes
 Hardware stack levels used:    1
 This function calls:
		Nothing
 This function is called by:
		_main
 This function uses a non-reentrant model


 *************** function _adc_init *****************
 Defined at:
		line 8 in file "my_adc.c"
 Parameters:    Size  Location     Type
		None
 Auto vars:     Size  Location     Type
		None
 Return value:  Size  Location     Type
		None               void
 Registers used:
		wreg, status,2
 Tracked objects:
		On entry : 
		On exit  : 
		Unchanged: 
 Data sizes:     COMRAM   BANK0   BANK1   BANK2
      Params:         0       0       0       0
      Locals:         0       0       0       0
      Temps:          0       0       0       0
      Totals:         0       0       0       0
Total ram usage:        0 bytes
 Hardware stack levels used:    1
 This function calls:
		Nothing
 This function is called by:
		_main
 This function uses a non-reentrant model


 *************** function ___lwdiv *****************
 Defined at:
		line 8 in file "C:\Program Files\Microchip\xc8\v1.34\sources\common\lwdiv.c"
 Parameters:    Size  Location     Type
  dividend        2    0[COMRAM] unsigned int 
  divisor         2    2[COMRAM] unsigned int 
 Auto vars:     Size  Location     Type
  quotient        2    4[COMRAM] unsigned int 
  counter         1    6[COMRAM] unsigned char 
 Return value:  Size  Location     Type
                  2    0[COMRAM] unsigned int 
 Registers used:
		wreg, status,2, status,0
 Tracked objects:
		On entry : 
		On exit  : 
		Unchanged: 
 Data sizes:     COMRAM   BANK0   BANK1   BANK2
      Params:         4       0       0       0
      Locals:         3       0       0       0
      Temps:          0       0       0       0
      Totals:         7       0       0       0
Total ram usage:        7 bytes
 Hardware stack levels used:    1
 This function calls:
		Nothing
 This function is called by:
		_main
 This function uses a non-reentrant model



MODULE INFORMATION

Module		Function		Class		Link	Load	Size
C:\Program Files\Microchip\xc8\v1.34\sources\common\llmod.c
		___llmod       		CODE           	2F16	0000	113

C:\Program Files\Microchip\xc8\v1.34\sources\common\llmod.c estimated size: 113

my_adc.c
		_adc_init      		CODE           	2DD8	0000	15
		_adc_measure   		CODE           	2E22	0000	65

my_adc.c estimated size: 80

C:\Program Files\Microchip\xc8\v1.34\sources\common\doprnt.c
		_printf        		CODE           	3012	0000	543

C:\Program Files\Microchip\xc8\v1.34\sources\common\doprnt.c estimated size: 543

my_usart.c
		_usart1_putchar		CODE           	2DE6	0000	17
		_usart1_init   		CODE           	2E08	0000	27

my_usart.c estimated size: 44

C:\Program Files\Microchip\xc8\v1.34\sources\common\lwdiv.c
		___lwdiv       		CODE           	2EBA	0000	93

C:\Program Files\Microchip\xc8\v1.34\sources\common\lwdiv.c estimated size: 93

C:\Program Files\Microchip\xc8\v1.34\sources\common\lldiv.c
		___lldiv       		CODE           	2F86	0000	141

C:\Program Files\Microchip\xc8\v1.34\sources\common\lldiv.c estimated size: 141

shared
		_dpowers       		MEDIUMCONST    	3DFF	0000	41
		__initializatio		CODE           	2DF6	0000	9

shared estimated size: 50

ws2812.c
		_ws2812_send   		CODE           	2E62	0000	89

ws2812.c estimated size: 89

rb_main.c
		_putch         		CODE           	2DCE	0000	11
		_main          		CODE           	3230	0000	3023

rb_main.c estimated size: 3034

